{"id":"95-926-1252","first_name":"Willem","last_name":"Brodnecke","gender":"Male","company":"Cremin-Rau","title":"Quality Control Specialist"}
{"id":"00-720-2041","first_name":"Kevan","last_name":"Godsell","gender":"Male","company":"Braun Group","title":"Programmer Analyst II"}
{"id":"06-589-6091","first_name":"Vinnie","last_name":"Dionisio","gender":"Female","company":"Fritsch and Sons","title":"Sales Representative"}
{"id":"37-510-3515","first_name":"Annabal","last_name":"Georger","gender":"Female","company":"Stanton Inc","title":"Electrical Engineer"}
