56-053-2131,Pavia,Craigs,Female,Maggio Group,Account Representative II
09-530-5619,Jami,Bossom,Female,Tremblay and Sons,Software Consultant
25-172-0048,Markus,Hullin,Male,Upton LLC,Nuclear Power Engineer
20-429-6275,Travers,Petriello,Male,Mann-Waelchi,Structural Engineer
